vecuser@ubuntu:~$ start-all.sh
This script is Deprecated. Instead use start-dfs.sh and start-yarn.sh
Java HotSpot(TM) Client VM warning: You have loaded library /usr/local/hadoop-2.7.7/lib/native/libhadoop.so.1.0.0 which might have disabled stack guard. The VM will try to fix the stack guard now.
It's highly recommended that you fix the library with 'execstack -c <libfile>', or link it with '-z noexecstack'.
21/12/19 22:12:22 WARN util.NativeCodeLoader: Unable to load native-hadoop library for your platform... using builtin-java classes where applicable
Starting namenodes on [localhost]
vecuser@localhost's password: 
localhost: starting namenode, logging to /usr/local/hadoop-2.7.7/logs/hadoop-vecuser-namenode-ubuntu.out
vecuser@localhost's password: 
localhost: starting datanode, logging to /usr/local/hadoop-2.7.7/logs/hadoop-vecuser-datanode-ubuntu.out
Starting secondary namenodes [0.0.0.0]
vecuser@0.0.0.0's password: 
0.0.0.0: starting secondarynamenode, logging to /usr/local/hadoop-2.7.7/logs/hadoop-vecuser-secondarynamenode-ubuntu.out
Java HotSpot(TM) Client VM warning: You have loaded library /usr/local/hadoop-2.7.7/lib/native/libhadoop.so.1.0.0 which might have disabled stack guard. The VM will try to fix the stack guard now.
It's highly recommended that you fix the library with 'execstack -c <libfile>', or link it with '-z noexecstack'.
21/12/19 22:12:51 WARN util.NativeCodeLoader: Unable to load native-hadoop library for your platform... using builtin-java classes where applicable
starting yarn daemons
starting resourcemanager, logging to /usr/local/hadoop/logs/yarn-vecuser-resourcemanager-ubuntu.out
vecuser@localhost's password: 
localhost: starting nodemanager, logging to /usr/local/hadoop-2.7.7/logs/yarn-vecuser-nodemanager-ubuntu.out
vecuser@ubuntu:~$ jps
11843 DataNode
12249 ResourceManager
12555 NodeManager
10491 
11693 NameNode
12093 SecondaryNameNode
12590 Jps
10447 
vecuser@ubuntu:~$ hadoop fs -mkdir /MAXTemperature
Java HotSpot(TM) Client VM warning: You have loaded library /usr/local/hadoop-2.7.7/lib/native/libhadoop.so.1.0.0 which might have disabled stack guard. The VM will try to fix the stack guard now.
It's highly recommended that you fix the library with 'execstack -c <libfile>', or link it with '-z noexecstack'.
21/12/19 22:23:02 WARN util.NativeCodeLoader: Unable to load native-hadoop library for your platform... using builtin-java classes where applicable
vecuser@ubuntu:~$ hadoop fs -mkdir /MAXTemperature/Input
Java HotSpot(TM) Client VM warning: You have loaded library /usr/local/hadoop-2.7.7/lib/native/libhadoop.so.1.0.0 which might have disabled stack guard. The VM will try to fix the stack guard now.
It's highly recommended that you fix the library with 'execstack -c <libfile>', or link it with '-z noexecstack'.
21/12/19 22:23:27 WARN util.NativeCodeLoader: Unable to load native-hadoop library for your platform... using builtin-java classes where applicable
vecuser@ubuntu:~$ hadoop fs -put '/home/vecuser/Desktop/MapReduce/EClipse_Workspace/MaxTemperature/Input/Input.txt' /MAXTemperature/Input
Java HotSpot(TM) Client VM warning: You have loaded library /usr/local/hadoop-2.7.7/lib/native/libhadoop.so.1.0.0 which might have disabled stack guard. The VM will try to fix the stack guard now.
It's highly recommended that you fix the library with 'execstack -c <libfile>', or link it with '-z noexecstack'.
21/12/19 22:24:39 WARN util.NativeCodeLoader: Unable to load native-hadoop library for your platform... using builtin-java classes where applicable
vecuser@ubuntu:~$ hadoop jar '/home/vecuser/eclipse-workspace/Girija/MaxTemperature/MaxTemp.jar' MaxTemperature.HighestDriver /MaxTemperature/Input/Input.txt /MaxTemperature/OUTPUT
Java HotSpot(TM) Client VM warning: You have loaded library /usr/local/hadoop-2.7.7/lib/native/libhadoop.so.1.0.0 which might have disabled stack guard. The VM will try to fix the stack guard now.
It's highly recommended that you fix the library with 'execstack -c <libfile>', or link it with '-z noexecstack'.
21/12/19 23:00:34 WARN util.NativeCodeLoader: Unable to load native-hadoop library for your platform... using builtin-java classes where applicable
21/12/19 23:00:36 INFO client.RMProxy: Connecting to ResourceManager at /0.0.0.0:8032
21/12/19 23:00:37 INFO client.RMProxy: Connecting to ResourceManager at /0.0.0.0:8032
21/12/19 23:00:38 INFO mapred.FileInputFormat: Total input paths to process : 1
21/12/19 23:00:39 INFO mapreduce.JobSubmitter: number of splits:2
21/12/19 23:00:39 INFO mapreduce.JobSubmitter: Submitting tokens for job: job_1639982923346_0001
21/12/19 23:00:40 INFO impl.YarnClientImpl: Submitted application application_1639982923346_0001
21/12/19 23:00:40 INFO mapreduce.Job: The url to track the job: http://ubuntu:8088/proxy/application_1639982923346_0001/
21/12/19 23:00:40 INFO mapreduce.Job: Running job: job_1639982923346_0001
21/12/19 23:00:56 INFO mapreduce.Job: Job job_1639982923346_0001 running in uber mode : false
21/12/19 23:00:56 INFO mapreduce.Job:  map 0% reduce 0%
21/12/19 23:01:10 INFO mapreduce.Job:  map 100% reduce 0%
21/12/19 23:01:21 INFO mapreduce.Job:  map 100% reduce 100%
21/12/19 23:01:22 INFO mapreduce.Job: Job job_1639982923346_0001 completed successfully
21/12/19 23:01:22 INFO mapreduce.Job: Counters: 49
	File System Counters
		FILE: Number of bytes read=61
		FILE: Number of bytes written=367738
		FILE: Number of read operations=0
		FILE: Number of large read operations=0
		FILE: Number of write operations=0
		HDFS: Number of bytes read=1003
		HDFS: Number of bytes written=15
		HDFS: Number of read operations=9
		HDFS: Number of large read operations=0
		HDFS: Number of write operations=2
	Job Counters 
		Launched map tasks=2
		Launched reduce tasks=1
		Data-local map tasks=2
		Total time spent by all maps in occupied slots (ms)=25537
		Total time spent by all reduces in occupied slots (ms)=6592
		Total time spent by all map tasks (ms)=25537
		Total time spent by all reduce tasks (ms)=6592
		Total vcore-milliseconds taken by all map tasks=25537
		Total vcore-milliseconds taken by all reduce tasks=6592
		Total megabyte-milliseconds taken by all map tasks=26149888
		Total megabyte-milliseconds taken by all reduce tasks=6750208
	Map-Reduce Framework
		Map input records=5
		Map output records=5
		Map output bytes=45
		Map output materialized bytes=67
		Input split bytes=208
		Combine input records=0
		Combine output records=0
		Reduce input groups=2
		Reduce shuffle bytes=67
		Reduce input records=5
		Reduce output records=2
		Spilled Records=10
		Shuffled Maps =2
		Failed Shuffles=0
		Merged Map outputs=2
		GC time elapsed (ms)=647
		CPU time spent (ms)=2750
		Physical memory (bytes) snapshot=423682048
		Virtual memory (bytes) snapshot=1059041280
		Total committed heap usage (bytes)=258678784
	Shuffle Errors
		BAD_ID=0
		CONNECTION=0
		IO_ERROR=0
		WRONG_LENGTH=0
		WRONG_MAP=0
		WRONG_REDUCE=0
	File Input Format Counters 
		Bytes Read=795
	File Output Format Counters 
		Bytes Written=15
vecuser@ubuntu:~$ hadoop fs -cat /MaxTemperature/OUTPUT/part-00000
Java HotSpot(TM) Client VM warning: You have loaded library /usr/local/hadoop-2.7.7/lib/native/libhadoop.so.1.0.0 which might have disabled stack guard. The VM will try to fix the stack guard now.
It's highly recommended that you fix the library with 'execstack -c <libfile>', or link it with '-z noexecstack'.
21/12/19 23:03:26 WARN util.NativeCodeLoader: Unable to load native-hadoop library for your platform... using builtin-java classes where applicable
1949	11
1950	2
vecuser@ubuntu:~$ 
